// Vitest Snapshot v1

exports[`Header component > should render correctly 1`] = `
{
  "asFragment": [Function],
  "baseElement": <body>
    <div>
      <header
        class="header__wrapper"
      >
        <div
          class="header__left-side"
        >
          <div
            class="header__logo-wrapper"
          >
            <img
              alt="logo"
              class="header__logo"
              src="/src/assets/images/logo.png"
            />
          </div>
          <nav
            class="header__navbar-wrapper"
            data-testid="header-navbar"
          >
            <ul
              class="header__navbar"
            >
              <li
                class="header__navbar-item"
                data-testid="header-navbar-item"
              >
                <a
                  class="header__navbar-link header__navbar-link--active"
                  href="/"
                >
                  header.home
                </a>
              </li>
              <li
                class="header__navbar-item"
                data-testid="header-navbar-item"
              >
                <a
                  class="header__navbar-link"
                  href="/tours"
                >
                  header.tour
                </a>
              </li>
            </ul>
          </nav>
        </div>
        <div
          class="header__right-side"
        >
          <div
            class="header__multi-currency"
          >
            <div>
              <div
                class="ant-select ant-select-single ant-select-show-arrow"
                style="width: 80px;"
              >
                <div
                  class="ant-select-selector"
                >
                  <span
                    class="ant-select-selection-search"
                  >
                    <input
                      aria-activedescendant="rc_select_TEST_OR_SSR_list_0"
                      aria-autocomplete="list"
                      aria-controls="rc_select_TEST_OR_SSR_list"
                      aria-haspopup="listbox"
                      aria-owns="rc_select_TEST_OR_SSR_list"
                      autocomplete="off"
                      class="ant-select-selection-search-input"
                      id="rc_select_TEST_OR_SSR"
                      readonly=""
                      role="combobox"
                      style="opacity: 0;"
                      type="search"
                      unselectable="on"
                      value=""
                    />
                  </span>
                  <span
                    class="ant-select-selection-placeholder"
                  />
                </div>
                <span
                  aria-hidden="true"
                  class="ant-select-arrow"
                  style="user-select: none;"
                  unselectable="on"
                >
                  <span
                    aria-label="down"
                    class="anticon anticon-down ant-select-suffix"
                    role="img"
                  >
                    <svg
                      aria-hidden="true"
                      data-icon="down"
                      fill="currentColor"
                      focusable="false"
                      height="1em"
                      viewBox="64 64 896 896"
                      width="1em"
                    >
                      <path
                        d="M884 256h-75c-5.1 0-9.9 2.5-12.9 6.6L512 654.2 227.9 262.6c-3-4.1-7.8-6.6-12.9-6.6h-75c-6.5 0-10.3 7.4-6.5 12.7l352.6 486.1c12.8 17.6 39 17.6 51.7 0l352.6-486.1c3.9-5.3.1-12.7-6.4-12.7z"
                      />
                    </svg>
                  </span>
                </span>
              </div>
            </div>
          </div>
          <div
            class="header__multi-lang-wrapper"
          >
            <div
              class="ant-select ant-select-single ant-select-show-arrow"
              style="width: 150px;"
            >
              <div
                class="ant-select-selector"
              >
                <span
                  class="ant-select-selection-search"
                >
                  <input
                    aria-activedescendant="rc_select_TEST_OR_SSR_list_0"
                    aria-autocomplete="list"
                    aria-controls="rc_select_TEST_OR_SSR_list"
                    aria-haspopup="listbox"
                    aria-owns="rc_select_TEST_OR_SSR_list"
                    autocomplete="off"
                    class="ant-select-selection-search-input"
                    id="rc_select_TEST_OR_SSR"
                    readonly=""
                    role="combobox"
                    style="opacity: 0;"
                    type="search"
                    unselectable="on"
                    value=""
                  />
                </span>
                <span
                  class="ant-select-selection-placeholder"
                />
              </div>
              <span
                aria-hidden="true"
                class="ant-select-arrow"
                style="user-select: none;"
                unselectable="on"
              >
                <span
                  aria-label="down"
                  class="anticon anticon-down"
                  role="img"
                >
                  <svg
                    aria-hidden="true"
                    data-icon="down"
                    fill="currentColor"
                    focusable="false"
                    height="1em"
                    viewBox="64 64 896 896"
                    width="1em"
                  >
                    <path
                      d="M884 256h-75c-5.1 0-9.9 2.5-12.9 6.6L512 654.2 227.9 262.6c-3-4.1-7.8-6.6-12.9-6.6h-75c-6.5 0-10.3 7.4-6.5 12.7l352.6 486.1c12.8 17.6 39 17.6 51.7 0l352.6-486.1c3.9-5.3.1-12.7-6.4-12.7z"
                    />
                  </svg>
                </span>
              </span>
            </div>
          </div>
          <div
            class="header__account-wrapper"
          >
            <div
              class="ant-dropdown-trigger header__account-icon"
            >
              <span
                class="ant-avatar ant-avatar-circle ant-avatar-icon"
              >
                <span
                  aria-label="user"
                  class="anticon anticon-user"
                  role="img"
                >
                  <svg
                    aria-hidden="true"
                    data-icon="user"
                    fill="currentColor"
                    focusable="false"
                    height="1em"
                    viewBox="64 64 896 896"
                    width="1em"
                  >
                    <path
                      d="M858.5 763.6a374 374 0 00-80.6-119.5 375.63 375.63 0 00-119.5-80.6c-.4-.2-.8-.3-1.2-.5C719.5 518 760 444.7 760 362c0-137-111-248-248-248S264 225 264 362c0 82.7 40.5 156 102.8 201.1-.4.2-.8.3-1.2.5-44.8 18.9-85 46-119.5 80.6a375.63 375.63 0 00-80.6 119.5A371.7 371.7 0 00136 901.8a8 8 0 008 8.2h60c4.4 0 7.9-3.5 8-7.8 2-77.2 33-149.5 87.8-204.3 56.7-56.7 132-87.9 212.2-87.9s155.5 31.2 212.2 87.9C779 752.7 810 825 812 902.2c.1 4.4 3.6 7.8 8 7.8h60a8 8 0 008-8.2c-1-47.8-10.9-94.3-29.5-138.2zM512 534c-45.9 0-89.1-17.9-121.6-50.4S340 407.9 340 362c0-45.9 17.9-89.1 50.4-121.6S466.1 190 512 190s89.1 17.9 121.6 50.4S684 316.1 684 362c0 45.9-17.9 89.1-50.4 121.6S557.9 534 512 534z"
                    />
                  </svg>
                </span>
              </span>
            </div>
          </div>
        </div>
      </header>
    </div>
  </body>,
  "container": <div>
    <header
      class="header__wrapper"
    >
      <div
        class="header__left-side"
      >
        <div
          class="header__logo-wrapper"
        >
          <img
            alt="logo"
            class="header__logo"
            src="/src/assets/images/logo.png"
          />
        </div>
        <nav
          class="header__navbar-wrapper"
          data-testid="header-navbar"
        >
          <ul
            class="header__navbar"
          >
            <li
              class="header__navbar-item"
              data-testid="header-navbar-item"
            >
              <a
                class="header__navbar-link header__navbar-link--active"
                href="/"
              >
                header.home
              </a>
            </li>
            <li
              class="header__navbar-item"
              data-testid="header-navbar-item"
            >
              <a
                class="header__navbar-link"
                href="/tours"
              >
                header.tour
              </a>
            </li>
          </ul>
        </nav>
      </div>
      <div
        class="header__right-side"
      >
        <div
          class="header__multi-currency"
        >
          <div>
            <div
              class="ant-select ant-select-single ant-select-show-arrow"
              style="width: 80px;"
            >
              <div
                class="ant-select-selector"
              >
                <span
                  class="ant-select-selection-search"
                >
                  <input
                    aria-activedescendant="rc_select_TEST_OR_SSR_list_0"
                    aria-autocomplete="list"
                    aria-controls="rc_select_TEST_OR_SSR_list"
                    aria-haspopup="listbox"
                    aria-owns="rc_select_TEST_OR_SSR_list"
                    autocomplete="off"
                    class="ant-select-selection-search-input"
                    id="rc_select_TEST_OR_SSR"
                    readonly=""
                    role="combobox"
                    style="opacity: 0;"
                    type="search"
                    unselectable="on"
                    value=""
                  />
                </span>
                <span
                  class="ant-select-selection-placeholder"
                />
              </div>
              <span
                aria-hidden="true"
                class="ant-select-arrow"
                style="user-select: none;"
                unselectable="on"
              >
                <span
                  aria-label="down"
                  class="anticon anticon-down ant-select-suffix"
                  role="img"
                >
                  <svg
                    aria-hidden="true"
                    data-icon="down"
                    fill="currentColor"
                    focusable="false"
                    height="1em"
                    viewBox="64 64 896 896"
                    width="1em"
                  >
                    <path
                      d="M884 256h-75c-5.1 0-9.9 2.5-12.9 6.6L512 654.2 227.9 262.6c-3-4.1-7.8-6.6-12.9-6.6h-75c-6.5 0-10.3 7.4-6.5 12.7l352.6 486.1c12.8 17.6 39 17.6 51.7 0l352.6-486.1c3.9-5.3.1-12.7-6.4-12.7z"
                    />
                  </svg>
                </span>
              </span>
            </div>
          </div>
        </div>
        <div
          class="header__multi-lang-wrapper"
        >
          <div
            class="ant-select ant-select-single ant-select-show-arrow"
            style="width: 150px;"
          >
            <div
              class="ant-select-selector"
            >
              <span
                class="ant-select-selection-search"
              >
                <input
                  aria-activedescendant="rc_select_TEST_OR_SSR_list_0"
                  aria-autocomplete="list"
                  aria-controls="rc_select_TEST_OR_SSR_list"
                  aria-haspopup="listbox"
                  aria-owns="rc_select_TEST_OR_SSR_list"
                  autocomplete="off"
                  class="ant-select-selection-search-input"
                  id="rc_select_TEST_OR_SSR"
                  readonly=""
                  role="combobox"
                  style="opacity: 0;"
                  type="search"
                  unselectable="on"
                  value=""
                />
              </span>
              <span
                class="ant-select-selection-placeholder"
              />
            </div>
            <span
              aria-hidden="true"
              class="ant-select-arrow"
              style="user-select: none;"
              unselectable="on"
            >
              <span
                aria-label="down"
                class="anticon anticon-down"
                role="img"
              >
                <svg
                  aria-hidden="true"
                  data-icon="down"
                  fill="currentColor"
                  focusable="false"
                  height="1em"
                  viewBox="64 64 896 896"
                  width="1em"
                >
                  <path
                    d="M884 256h-75c-5.1 0-9.9 2.5-12.9 6.6L512 654.2 227.9 262.6c-3-4.1-7.8-6.6-12.9-6.6h-75c-6.5 0-10.3 7.4-6.5 12.7l352.6 486.1c12.8 17.6 39 17.6 51.7 0l352.6-486.1c3.9-5.3.1-12.7-6.4-12.7z"
                  />
                </svg>
              </span>
            </span>
          </div>
        </div>
        <div
          class="header__account-wrapper"
        >
          <div
            class="ant-dropdown-trigger header__account-icon"
          >
            <span
              class="ant-avatar ant-avatar-circle ant-avatar-icon"
            >
              <span
                aria-label="user"
                class="anticon anticon-user"
                role="img"
              >
                <svg
                  aria-hidden="true"
                  data-icon="user"
                  fill="currentColor"
                  focusable="false"
                  height="1em"
                  viewBox="64 64 896 896"
                  width="1em"
                >
                  <path
                    d="M858.5 763.6a374 374 0 00-80.6-119.5 375.63 375.63 0 00-119.5-80.6c-.4-.2-.8-.3-1.2-.5C719.5 518 760 444.7 760 362c0-137-111-248-248-248S264 225 264 362c0 82.7 40.5 156 102.8 201.1-.4.2-.8.3-1.2.5-44.8 18.9-85 46-119.5 80.6a375.63 375.63 0 00-80.6 119.5A371.7 371.7 0 00136 901.8a8 8 0 008 8.2h60c4.4 0 7.9-3.5 8-7.8 2-77.2 33-149.5 87.8-204.3 56.7-56.7 132-87.9 212.2-87.9s155.5 31.2 212.2 87.9C779 752.7 810 825 812 902.2c.1 4.4 3.6 7.8 8 7.8h60a8 8 0 008-8.2c-1-47.8-10.9-94.3-29.5-138.2zM512 534c-45.9 0-89.1-17.9-121.6-50.4S340 407.9 340 362c0-45.9 17.9-89.1 50.4-121.6S466.1 190 512 190s89.1 17.9 121.6 50.4S684 316.1 684 362c0 45.9-17.9 89.1-50.4 121.6S557.9 534 512 534z"
                  />
                </svg>
              </span>
            </span>
          </div>
        </div>
      </div>
    </header>
  </div>,
  "debug": [Function],
  "findAllByAltText": [Function],
  "findAllByDisplayValue": [Function],
  "findAllByLabelText": [Function],
  "findAllByPlaceholderText": [Function],
  "findAllByRole": [Function],
  "findAllByTestId": [Function],
  "findAllByText": [Function],
  "findAllByTitle": [Function],
  "findByAltText": [Function],
  "findByDisplayValue": [Function],
  "findByLabelText": [Function],
  "findByPlaceholderText": [Function],
  "findByRole": [Function],
  "findByTestId": [Function],
  "findByText": [Function],
  "findByTitle": [Function],
  "getAllByAltText": [Function],
  "getAllByDisplayValue": [Function],
  "getAllByLabelText": [Function],
  "getAllByPlaceholderText": [Function],
  "getAllByRole": [Function],
  "getAllByTestId": [Function],
  "getAllByText": [Function],
  "getAllByTitle": [Function],
  "getByAltText": [Function],
  "getByDisplayValue": [Function],
  "getByLabelText": [Function],
  "getByPlaceholderText": [Function],
  "getByRole": [Function],
  "getByTestId": [Function],
  "getByText": [Function],
  "getByTitle": [Function],
  "queryAllByAltText": [Function],
  "queryAllByDisplayValue": [Function],
  "queryAllByLabelText": [Function],
  "queryAllByPlaceholderText": [Function],
  "queryAllByRole": [Function],
  "queryAllByTestId": [Function],
  "queryAllByText": [Function],
  "queryAllByTitle": [Function],
  "queryByAltText": [Function],
  "queryByDisplayValue": [Function],
  "queryByLabelText": [Function],
  "queryByPlaceholderText": [Function],
  "queryByRole": [Function],
  "queryByTestId": [Function],
  "queryByText": [Function],
  "queryByTitle": [Function],
  "rerender": [Function],
  "unmount": [Function],
}
`;
