// Vitest Snapshot v1

exports[`MobileNav component > should render correctly 1`] = `
{
  "asFragment": [Function],
  "baseElement": <body>
    <div>
      <div
        class="mobileNav__wrapper"
      >
        <div
          class="mobileNav__icon"
        >
          <svg
            fill="currentColor"
            height="1em"
            stroke="currentColor"
            stroke-width="0"
            viewBox="0 0 448 512"
            width="1em"
            xmlns="http://www.w3.org/2000/svg"
          >
            <path
              d="M16 132h416c8.837 0 16-7.163 16-16V76c0-8.837-7.163-16-16-16H16C7.163 60 0 67.163 0 76v40c0 8.837 7.163 16 16 16zm0 160h416c8.837 0 16-7.163 16-16v-40c0-8.837-7.163-16-16-16H16c-8.837 0-16 7.163-16 16v40c0 8.837 7.163 16 16 16zm0 160h416c8.837 0 16-7.163 16-16v-40c0-8.837-7.163-16-16-16H16c-8.837 0-16 7.163-16 16v40c0 8.837 7.163 16 16 16z"
            />
          </svg>
        </div>
        <div
          class="mobileNav__overlays"
        >
          <div
            class="mobileNav_close-btn-wrapper"
          >
            <button
              class="mobileNav_close-btn"
            >
              <svg
                fill="currentColor"
                height="1em"
                stroke="currentColor"
                stroke-width="0"
                viewBox="0 0 16 16"
                width="1em"
                xmlns="http://www.w3.org/2000/svg"
              >
                <path
                  clip-rule="evenodd"
                  d="M7.116 8l-4.558 4.558.884.884L8 8.884l4.558 4.558.884-.884L8.884 8l4.558-4.558-.884-.884L8 7.116 3.442 2.558l-.884.884L7.116 8z"
                  fill-rule="evenodd"
                />
              </svg>
            </button>
          </div>
          <div
            class="mobileNav__account"
          >
            <h4
              class="ant-typography mobileNav__account-heading"
            >
              mobileNav.my_account
            </h4>
            <div
              class="mobileNav__account-btn"
            >
              <button
                class="ant-btn ant-btn-primary ant-btn-lg"
                type="button"
              >
                <a
                  href="/login"
                >
                  mobileNav.login
                </a>
              </button>
              <button
                class="ant-btn ant-btn-default ant-btn-lg"
                type="button"
              >
                <a
                  href="/register"
                >
                  mobileNav.register
                </a>
              </button>
            </div>
          </div>
          <div
            class="mobileNav__list-wrapper"
          >
            <ul
              class="mobileNav__list"
            />
          </div>
        </div>
      </div>
    </div>
  </body>,
  "container": <div>
    <div
      class="mobileNav__wrapper"
    >
      <div
        class="mobileNav__icon"
      >
        <svg
          fill="currentColor"
          height="1em"
          stroke="currentColor"
          stroke-width="0"
          viewBox="0 0 448 512"
          width="1em"
          xmlns="http://www.w3.org/2000/svg"
        >
          <path
            d="M16 132h416c8.837 0 16-7.163 16-16V76c0-8.837-7.163-16-16-16H16C7.163 60 0 67.163 0 76v40c0 8.837 7.163 16 16 16zm0 160h416c8.837 0 16-7.163 16-16v-40c0-8.837-7.163-16-16-16H16c-8.837 0-16 7.163-16 16v40c0 8.837 7.163 16 16 16zm0 160h416c8.837 0 16-7.163 16-16v-40c0-8.837-7.163-16-16-16H16c-8.837 0-16 7.163-16 16v40c0 8.837 7.163 16 16 16z"
          />
        </svg>
      </div>
      <div
        class="mobileNav__overlays"
      >
        <div
          class="mobileNav_close-btn-wrapper"
        >
          <button
            class="mobileNav_close-btn"
          >
            <svg
              fill="currentColor"
              height="1em"
              stroke="currentColor"
              stroke-width="0"
              viewBox="0 0 16 16"
              width="1em"
              xmlns="http://www.w3.org/2000/svg"
            >
              <path
                clip-rule="evenodd"
                d="M7.116 8l-4.558 4.558.884.884L8 8.884l4.558 4.558.884-.884L8.884 8l4.558-4.558-.884-.884L8 7.116 3.442 2.558l-.884.884L7.116 8z"
                fill-rule="evenodd"
              />
            </svg>
          </button>
        </div>
        <div
          class="mobileNav__account"
        >
          <h4
            class="ant-typography mobileNav__account-heading"
          >
            mobileNav.my_account
          </h4>
          <div
            class="mobileNav__account-btn"
          >
            <button
              class="ant-btn ant-btn-primary ant-btn-lg"
              type="button"
            >
              <a
                href="/login"
              >
                mobileNav.login
              </a>
            </button>
            <button
              class="ant-btn ant-btn-default ant-btn-lg"
              type="button"
            >
              <a
                href="/register"
              >
                mobileNav.register
              </a>
            </button>
          </div>
        </div>
        <div
          class="mobileNav__list-wrapper"
        >
          <ul
            class="mobileNav__list"
          />
        </div>
      </div>
    </div>
  </div>,
  "debug": [Function],
  "findAllByAltText": [Function],
  "findAllByDisplayValue": [Function],
  "findAllByLabelText": [Function],
  "findAllByPlaceholderText": [Function],
  "findAllByRole": [Function],
  "findAllByTestId": [Function],
  "findAllByText": [Function],
  "findAllByTitle": [Function],
  "findByAltText": [Function],
  "findByDisplayValue": [Function],
  "findByLabelText": [Function],
  "findByPlaceholderText": [Function],
  "findByRole": [Function],
  "findByTestId": [Function],
  "findByText": [Function],
  "findByTitle": [Function],
  "getAllByAltText": [Function],
  "getAllByDisplayValue": [Function],
  "getAllByLabelText": [Function],
  "getAllByPlaceholderText": [Function],
  "getAllByRole": [Function],
  "getAllByTestId": [Function],
  "getAllByText": [Function],
  "getAllByTitle": [Function],
  "getByAltText": [Function],
  "getByDisplayValue": [Function],
  "getByLabelText": [Function],
  "getByPlaceholderText": [Function],
  "getByRole": [Function],
  "getByTestId": [Function],
  "getByText": [Function],
  "getByTitle": [Function],
  "queryAllByAltText": [Function],
  "queryAllByDisplayValue": [Function],
  "queryAllByLabelText": [Function],
  "queryAllByPlaceholderText": [Function],
  "queryAllByRole": [Function],
  "queryAllByTestId": [Function],
  "queryAllByText": [Function],
  "queryAllByTitle": [Function],
  "queryByAltText": [Function],
  "queryByDisplayValue": [Function],
  "queryByLabelText": [Function],
  "queryByPlaceholderText": [Function],
  "queryByRole": [Function],
  "queryByTestId": [Function],
  "queryByText": [Function],
  "queryByTitle": [Function],
  "rerender": [Function],
  "unmount": [Function],
}
`;
