// Vitest Snapshot v1

exports[`Orderdetail component > should render correctly 1`] = `
{
  "asFragment": [Function],
  "baseElement": <body>
    <div>
      <div
        class="ant-divider ant-divider-horizontal"
        role="separator"
      />
      <div
        class="checkout-info-display"
      >
        <div
          class="ant-row"
          style="margin-left: -4px; margin-right: -4px;"
        >
          <div
            class="ant-col ant-col-xs-0 ant-col-sm-6 ant-col-md-6 ant-col-lg-8"
            style="padding-left: 4px; padding-right: 4px;"
          >
            <div
              class="ant-image"
              data-testid="test-imageUrl"
              style="width: 200px;"
            >
              <img
                class="ant-image-img"
              />
              <div
                class="ant-image-mask"
              >
                <div
                  class="ant-image-mask-info"
                >
                  <span
                    aria-label="eye"
                    class="anticon anticon-eye"
                    role="img"
                  >
                    <svg
                      aria-hidden="true"
                      data-icon="eye"
                      fill="currentColor"
                      focusable="false"
                      height="1em"
                      viewBox="64 64 896 896"
                      width="1em"
                    >
                      <path
                        d="M942.2 486.2C847.4 286.5 704.1 186 512 186c-192.2 0-335.4 100.5-430.2 300.3a60.3 60.3 0 000 51.5C176.6 737.5 319.9 838 512 838c192.2 0 335.4-100.5 430.2-300.3 7.7-16.2 7.7-35 0-51.5zM512 766c-161.3 0-279.4-81.8-362.7-254C232.6 339.8 350.7 258 512 258c161.3 0 279.4 81.8 362.7 254C791.5 684.2 673.4 766 512 766zm-4-430c-97.2 0-176 78.8-176 176s78.8 176 176 176 176-78.8 176-176-78.8-176-176-176zm0 288c-61.9 0-112-50.1-112-112s50.1-112 112-112 112 50.1 112 112-50.1 112-112 112z"
                      />
                    </svg>
                  </span>
                  Preview
                </div>
              </div>
            </div>
          </div>
          <div
            class="ant-col checkout-info-display__content ant-col-xs-22 ant-col-sm-18 ant-col-md-18 ant-col-lg-16"
            style="padding-left: 4px; padding-right: 4px;"
          >
            <h4
              class="ant-typography"
            />
            <section>
              <span
                class="ant-typography"
              >
                <strong>
                  checkout.order_detail.date
                   
                </strong>
              </span>
              <span
                class="ant-typography"
              >
                2022-07-09
              </span>
            </section>
            <section>
              <span
                class="ant-typography"
              >
                <strong>
                  checkout.order_detail.time
                   
                </strong>
              </span>
              <span
                class="ant-typography"
              >
                12:00 pm
              </span>
            </section>
            <span
              class="ant-typography"
            >
              <strong>
                checkout.order_detail.duration
                 
              </strong>
            </span>
            <span
              class="ant-typography"
            >
               days
            </span>
            <section>
              <span
                class="ant-typography"
              >
                <strong>
                  checkout.order_detail.ticket.title
                   
                </strong>
              </span>
            </section>
            <section
              class="checkout-info-display__ticket-ctn"
            />
          </div>
        </div>
        <div
          class="ant-divider ant-divider-horizontal"
          role="separator"
        />
        <div
          class="ant-row ctn-result"
          style="margin-left: -4px; margin-right: -4px;"
        >
          <div
            class="ant-col ant-col-xs-0 ant-col-sm-6 ant-col-md-6 ant-col-lg-8"
            style="padding-left: 4px; padding-right: 4px;"
          />
          <div
            class="ant-col synthetic-price ant-col-xs-18 ant-col-sm-15 ant-col-md-15 ant-col-lg-12"
            style="padding-left: 4px; padding-right: 4px;"
          >
            <section>
              <span
                class="ant-typography"
              >
                <strong>
                  checkout.order_detail.sub_total
                </strong>
              </span>
            </section>
            <section>
              <span
                class="ant-typography"
              >
                <strong>
                  checkout.order_detail.discount
                </strong>
              </span>
            </section>
            <section>
              <span
                class="ant-typography"
              >
                <strong>
                  checkout.order_detail.tax
                </strong>
              </span>
            </section>
            <section>
              <h4
                class="ant-typography"
              >
                checkout.order_detail.total
              </h4>
            </section>
          </div>
          <div
            class="ant-col ant-col-xs-6 ant-col-sm-3 ant-col-md-3 ant-col-lg-3"
            style="padding-left: 4px; padding-right: 4px;"
          >
            <section>
              <span
                class="ant-typography"
              >
                <strong />
              </span>
            </section>
            <section>
              <span
                class="ant-typography"
                data-testid="text-discount"
              >
                <strong />
              </span>
            </section>
            <section>
              <span
                class="ant-typography"
              >
                <strong>
                  8
                  %
                </strong>
              </span>
            </section>
            <section>
              <h4
                class="ant-typography result-payment"
                data-testid="text-finalTotal"
              />
            </section>
          </div>
        </div>
      </div>
    </div>
  </body>,
  "container": <div>
    <div
      class="ant-divider ant-divider-horizontal"
      role="separator"
    />
    <div
      class="checkout-info-display"
    >
      <div
        class="ant-row"
        style="margin-left: -4px; margin-right: -4px;"
      >
        <div
          class="ant-col ant-col-xs-0 ant-col-sm-6 ant-col-md-6 ant-col-lg-8"
          style="padding-left: 4px; padding-right: 4px;"
        >
          <div
            class="ant-image"
            data-testid="test-imageUrl"
            style="width: 200px;"
          >
            <img
              class="ant-image-img"
            />
            <div
              class="ant-image-mask"
            >
              <div
                class="ant-image-mask-info"
              >
                <span
                  aria-label="eye"
                  class="anticon anticon-eye"
                  role="img"
                >
                  <svg
                    aria-hidden="true"
                    data-icon="eye"
                    fill="currentColor"
                    focusable="false"
                    height="1em"
                    viewBox="64 64 896 896"
                    width="1em"
                  >
                    <path
                      d="M942.2 486.2C847.4 286.5 704.1 186 512 186c-192.2 0-335.4 100.5-430.2 300.3a60.3 60.3 0 000 51.5C176.6 737.5 319.9 838 512 838c192.2 0 335.4-100.5 430.2-300.3 7.7-16.2 7.7-35 0-51.5zM512 766c-161.3 0-279.4-81.8-362.7-254C232.6 339.8 350.7 258 512 258c161.3 0 279.4 81.8 362.7 254C791.5 684.2 673.4 766 512 766zm-4-430c-97.2 0-176 78.8-176 176s78.8 176 176 176 176-78.8 176-176-78.8-176-176-176zm0 288c-61.9 0-112-50.1-112-112s50.1-112 112-112 112 50.1 112 112-50.1 112-112 112z"
                    />
                  </svg>
                </span>
                Preview
              </div>
            </div>
          </div>
        </div>
        <div
          class="ant-col checkout-info-display__content ant-col-xs-22 ant-col-sm-18 ant-col-md-18 ant-col-lg-16"
          style="padding-left: 4px; padding-right: 4px;"
        >
          <h4
            class="ant-typography"
          />
          <section>
            <span
              class="ant-typography"
            >
              <strong>
                checkout.order_detail.date
                 
              </strong>
            </span>
            <span
              class="ant-typography"
            >
              2022-07-09
            </span>
          </section>
          <section>
            <span
              class="ant-typography"
            >
              <strong>
                checkout.order_detail.time
                 
              </strong>
            </span>
            <span
              class="ant-typography"
            >
              12:00 pm
            </span>
          </section>
          <span
            class="ant-typography"
          >
            <strong>
              checkout.order_detail.duration
               
            </strong>
          </span>
          <span
            class="ant-typography"
          >
             days
          </span>
          <section>
            <span
              class="ant-typography"
            >
              <strong>
                checkout.order_detail.ticket.title
                 
              </strong>
            </span>
          </section>
          <section
            class="checkout-info-display__ticket-ctn"
          />
        </div>
      </div>
      <div
        class="ant-divider ant-divider-horizontal"
        role="separator"
      />
      <div
        class="ant-row ctn-result"
        style="margin-left: -4px; margin-right: -4px;"
      >
        <div
          class="ant-col ant-col-xs-0 ant-col-sm-6 ant-col-md-6 ant-col-lg-8"
          style="padding-left: 4px; padding-right: 4px;"
        />
        <div
          class="ant-col synthetic-price ant-col-xs-18 ant-col-sm-15 ant-col-md-15 ant-col-lg-12"
          style="padding-left: 4px; padding-right: 4px;"
        >
          <section>
            <span
              class="ant-typography"
            >
              <strong>
                checkout.order_detail.sub_total
              </strong>
            </span>
          </section>
          <section>
            <span
              class="ant-typography"
            >
              <strong>
                checkout.order_detail.discount
              </strong>
            </span>
          </section>
          <section>
            <span
              class="ant-typography"
            >
              <strong>
                checkout.order_detail.tax
              </strong>
            </span>
          </section>
          <section>
            <h4
              class="ant-typography"
            >
              checkout.order_detail.total
            </h4>
          </section>
        </div>
        <div
          class="ant-col ant-col-xs-6 ant-col-sm-3 ant-col-md-3 ant-col-lg-3"
          style="padding-left: 4px; padding-right: 4px;"
        >
          <section>
            <span
              class="ant-typography"
            >
              <strong />
            </span>
          </section>
          <section>
            <span
              class="ant-typography"
              data-testid="text-discount"
            >
              <strong />
            </span>
          </section>
          <section>
            <span
              class="ant-typography"
            >
              <strong>
                8
                %
              </strong>
            </span>
          </section>
          <section>
            <h4
              class="ant-typography result-payment"
              data-testid="text-finalTotal"
            />
          </section>
        </div>
      </div>
    </div>
  </div>,
  "debug": [Function],
  "findAllByAltText": [Function],
  "findAllByDisplayValue": [Function],
  "findAllByLabelText": [Function],
  "findAllByPlaceholderText": [Function],
  "findAllByRole": [Function],
  "findAllByTestId": [Function],
  "findAllByText": [Function],
  "findAllByTitle": [Function],
  "findByAltText": [Function],
  "findByDisplayValue": [Function],
  "findByLabelText": [Function],
  "findByPlaceholderText": [Function],
  "findByRole": [Function],
  "findByTestId": [Function],
  "findByText": [Function],
  "findByTitle": [Function],
  "getAllByAltText": [Function],
  "getAllByDisplayValue": [Function],
  "getAllByLabelText": [Function],
  "getAllByPlaceholderText": [Function],
  "getAllByRole": [Function],
  "getAllByTestId": [Function],
  "getAllByText": [Function],
  "getAllByTitle": [Function],
  "getByAltText": [Function],
  "getByDisplayValue": [Function],
  "getByLabelText": [Function],
  "getByPlaceholderText": [Function],
  "getByRole": [Function],
  "getByTestId": [Function],
  "getByText": [Function],
  "getByTitle": [Function],
  "queryAllByAltText": [Function],
  "queryAllByDisplayValue": [Function],
  "queryAllByLabelText": [Function],
  "queryAllByPlaceholderText": [Function],
  "queryAllByRole": [Function],
  "queryAllByTestId": [Function],
  "queryAllByText": [Function],
  "queryAllByTitle": [Function],
  "queryByAltText": [Function],
  "queryByDisplayValue": [Function],
  "queryByLabelText": [Function],
  "queryByPlaceholderText": [Function],
  "queryByRole": [Function],
  "queryByTestId": [Function],
  "queryByText": [Function],
  "queryByTitle": [Function],
  "rerender": [Function],
  "unmount": [Function],
}
`;
